nohup: ignoring input
test
